src/components/Review/DiffMap.tsx(43,76): error TS2339: Property 'id' does not exist on type 'Trip'.
src/components/Review/DiffMap.tsx(44,96): error TS2339: Property 'id' does not exist on type 'Trip'.
src/components/Review/DiffMap.tsx(51,44): error TS7006: Parameter 'ts' implicitly has an 'any' type.
src/components/Review/DiffMap.tsx(55,19): error TS7006: Parameter 'ts' implicitly has an 'any' type.
src/components/Review/DiffMap.tsx(79,49): error TS2339: Property 'lat' does not exist on type 'Stop'.
src/components/Review/DiffMap.tsx(79,56): error TS2339: Property 'lon' does not exist on type 'Stop'.
src/components/Review/DiffMap.tsx(112,29): error TS2339: Property 'lat' does not exist on type 'Stop'.
src/components/Review/DiffMap.tsx(112,36): error TS2339: Property 'lon' does not exist on type 'Stop'.
src/components/Review/DiffMap.tsx(123,29): error TS2339: Property 'id' does not exist on type 'Stop'.
src/components/Review/DiffMap.tsx(123,61): error TS2339: Property 'lat' does not exist on type 'Stop'.
src/components/Review/DiffMap.tsx(123,71): error TS2339: Property 'lon' does not exist on type 'Stop'.
src/components/Review/DiffMap.tsx(124,28): error TS2339: Property 'name' does not exist on type 'Stop'.
src/components/Review/EditMapLayer.tsx(29,28): error TS2339: Property 'id' does not exist on type 'Stop'.
src/components/Review/EditMapLayer.tsx(54,36): error TS2339: Property 'lat' does not exist on type 'Stop'.
src/components/Review/EditMapLayer.tsx(54,43): error TS2339: Property 'lon' does not exist on type 'Stop'.
src/components/Review/EditMapLayer.tsx(71,21): error TS2339: Property 'id' does not exist on type 'Stop'.
src/components/Review/EditMapLayer.tsx(72,25): error TS2339: Property 'lat' does not exist on type 'Stop'.
src/components/Review/EditMapLayer.tsx(72,35): error TS2339: Property 'lon' does not exist on type 'Stop'.
src/components/Review/EditMapLayer.tsx(75,42): error TS2353: Object literal may only specify known properties, and 'radius' does not exist in type 'PathOptions'.
src/components/Review/EditMapLayer.tsx(86,53): error TS2339: Property 'name' does not exist on type 'Stop'.
src/components/Review/EditMapLayer.tsx(97,23): error TS2339: Property 'id' does not exist on type 'Stop'.
src/components/Review/EditMapLayer.tsx(98,27): error TS2339: Property 'lat' does not exist on type 'Stop'.
src/components/Review/EditMapLayer.tsx(98,37): error TS2339: Property 'lon' does not exist on type 'Stop'.
src/components/Review/EditMapLayer.tsx(102,15): error TS2353: Object literal may only specify known properties, and 'radius' does not exist in type 'PathOptions'.
src/components/Review/EditMapLayer.tsx(110,55): error TS2339: Property 'name' does not exist on type 'Stop'.
src/components/Review/EditMapLayer.tsx(112,33): error TS2339: Property 'id' does not exist on type 'Stop'.
src/components/Review/EditMapLayer.tsx(122,21): error TS2339: Property 'id' does not exist on type 'Stop'.
src/components/Review/EditMapLayer.tsx(123,27): error TS2339: Property 'lat' does not exist on type 'Stop'.
src/components/Review/EditMapLayer.tsx(123,37): error TS2339: Property 'lon' does not exist on type 'Stop'.
src/components/Review/ReviewActions.tsx(80,22): error TS2339: Property 'name' does not exist on type 'Trip'.
src/components/Review/ReviewActions.tsx(87,48): error TS7031: Binding element 'data' implicitly has an 'any' type.
src/components/Review/ReviewActions.tsx(111,33): error TS2339: Property 'id' does not exist on type 'Stop'.
src/components/Review/ReviewActions.tsx(111,45): error TS2339: Property 'id' does not exist on type 'Stop'.
src/components/Review/ReviewActions.tsx(140,9): error TS2353: Object literal may only specify known properties, and 'id' does not exist in type 'Stop'.
src/components/Review/ReviewActions.tsx(192,76): error TS2339: Property 'id' does not exist on type 'Stop'.
src/components/Review/ReviewActions.tsx(192,85): error TS2339: Property 'id' does not exist on type 'Stop'.
src/components/Review/ReviewActions.tsx(280,64): error TS2339: Property 'name' does not exist on type 'Stop'.
src/components/Review/ReviewActions.tsx(322,38): error TS2339: Property 'id' does not exist on type 'Stop'.
src/components/Review/ReviewActions.tsx(325,33): error TS2339: Property 'id' does not exist on type 'Stop'.
src/components/Review/ReviewActions.tsx(341,39): error TS2339: Property 'name' does not exist on type 'Stop'.
src/components/Review/ReviewActions.tsx(349,33): error TS2339: Property 'lat' does not exist on type 'Stop'.
src/components/Review/ReviewActions.tsx(349,56): error TS2339: Property 'lon' does not exist on type 'Stop'.
src/components/Review/ReviewActions.tsx(405,29): error TS2339: Property 'name' does not exist on type 'Trip'.
src/components/Review/ReviewActions.tsx(406,124): error TS2339: Property 'id' does not exist on type 'Trip'.
src/components/Review/ReviewActions.tsx(421,60): error TS2339: Property 'id' does not exist on type 'Trip'.
src/components/Review/ReviewActions.tsx(438,18): error TS2339: Property 'id' does not exist on type 'Stop'.
src/components/Review/ReviewActions.tsx(442,59): error TS2339: Property 'name' does not exist on type 'Stop'.
src/components/Review/ReviewActions.tsx(442,80): error TS2339: Property 'lat' does not exist on type 'Stop'.
src/components/Review/ReviewActions.tsx(442,100): error TS2339: Property 'lon' does not exist on type 'Stop'.
src/components/Review/ReviewActions.tsx(448,52): error TS2339: Property 'id' does not exist on type 'Stop'.
src/components/Review/ReviewActions.tsx(448,64): error TS2339: Property 'id' does not exist on type 'Stop'.
src/components/Review/ReviewActions.tsx(449,36): error TS2339: Property 'name' does not exist on type 'Stop'.
src/components/Review/ReviewActions.tsx(449,50): error TS2339: Property 'name' does not exist on type 'Stop'.
src/components/Review/ReviewActions.tsx(450,67): error TS2339: Property 'name' does not exist on type 'Stop'.
src/components/Review/ReviewActions.tsx(450,101): error TS2339: Property 'id' does not exist on type 'Stop'.
src/components/Review/ReviewActions.tsx(457,69): error TS2339: Property 'id' does not exist on type 'Trip'.
src/components/Review/ReviewActions.tsx(459,23): error TS2339: Property 'id' does not exist on type 'Trip'.
src/components/Review/ReviewActions.tsx(460,23): error TS2339: Property 'id' does not exist on type 'Stop'.
src/components/Review/ReviewActions.tsx(475,48): error TS2339: Property 'lat' does not exist on type 'Stop'.
src/components/Review/ReviewActions.tsx(475,60): error TS2339: Property 'lon' does not exist on type 'Stop'.
src/components/Review/ReviewActions.tsx(480,29): error TS2339: Property 'id' does not exist on type 'Trip'.
src/components/Review/ReviewActions.tsx(494,72): error TS2339: Property 'id' does not exist on type 'Trip'.
src/components/Review/ReviewActions.tsx(522,91): error TS2339: Property 'id' does not exist on type 'Trip'.
src/components/Review/ReviewActions.tsx(523,71): error TS2339: Property 'id' does not exist on type 'Trip'.
src/components/Review/ReviewActions.tsx(564,31): error TS2339: Property 'name' does not exist on type 'Trip'.
src/components/Review/ReviewActions.tsx(572,35): error TS2339: Property 'name' does not exist on type 'Trip'.
src/components/Review/ReviewActions.tsx(577,71): error TS2339: Property 'id' does not exist on type 'Trip'.
src/components/Review/ReviewActions.tsx(578,72): error TS2339: Property 'id' does not exist on type 'Trip'.
src/components/Review/ReviewActions.tsx(580,66): error TS2339: Property 'id' does not exist on type 'Trip'.
src/components/Review/ReviewActions.tsx(592,32): error TS2339: Property 'name' does not exist on type 'Trip'.
src/components/Review/ReviewActions.tsx(598,31): error TS2339: Property 'id' does not exist on type 'Trip'.
src/components/Review/ReviewActions.tsx(606,101): error TS2339: Property 'id' does not exist on type 'Trip'.
src/components/Review/ReviewActions.tsx(612,32): error TS2339: Property 'name' does not exist on type 'Trip'.
src/components/Review/ReviewActions.tsx(631,29): error TS2339: Property 'id' does not exist on type 'Trip'.
src/components/Review/ReviewActions.tsx(638,30): error TS2339: Property 'name' does not exist on type 'Trip'.
src/components/Review/ReviewActions.tsx(677,45): error TS2339: Property 'name' does not exist on type 'Trip'.
src/components/Sidebar/TripDetail.tsx(69,18): error TS2339: Property 'id' does not exist on type 'Stop'.
src/components/Sidebar/TripDetail.tsx(73,29): error TS2339: Property 'name' does not exist on type 'Stop'.
src/components/Sidebar/TripDetail.tsx(74,28): error TS2339: Property 'lat' does not exist on type 'Stop'.
src/components/Sidebar/TripDetail.tsx(75,28): error TS2339: Property 'lon' does not exist on type 'Stop'.
src/components/Sidebar/TripDetail.tsx(87,23): error TS2339: Property 'id' does not exist on type 'Stop'.
src/lib/gtfs-export.ts(19,12): error TS2339: Property 'agency_id' does not exist on type 'never'.
src/lib/gtfs-export.ts(19,37): error TS2339: Property 'agency_name' does not exist on type 'never'.
src/lib/gtfs-export.ts(19,55): error TS2339: Property 'agency_url' does not exist on type 'never'.
src/lib/gtfs-export.ts(19,77): error TS2339: Property 'agency_timezone' does not exist on type 'never'.
src/lib/gtfs-export.ts(29,12): error TS2339: Property 'monday' does not exist on type 'never'.
src/lib/gtfs-export.ts(29,24): error TS2339: Property 'tuesday' does not exist on type 'never'.
src/lib/gtfs-export.ts(29,37): error TS2339: Property 'wednesday' does not exist on type 'never'.
src/lib/gtfs-export.ts(29,52): error TS2339: Property 'thursday' does not exist on type 'never'.
src/lib/gtfs-export.ts(29,66): error TS2339: Property 'friday' does not exist on type 'never'.
src/lib/gtfs-export.ts(29,78): error TS2339: Property 'saturday' does not exist on type 'never'.
src/lib/gtfs-export.ts(29,92): error TS2339: Property 'sunday' does not exist on type 'never'.
src/lib/gtfs-export.ts(29,104): error TS2339: Property 'start_date' does not exist on type 'never'.
src/lib/gtfs-export.ts(29,120): error TS2339: Property 'end_date' does not exist on type 'never'.
src/lib/gtfs-export.ts(29,134): error TS2339: Property 'service_id' does not exist on type 'never'.
src/lib/gtfs-export.ts(39,22): error TS2339: Property 'feed_publisher_name' does not exist on type 'never'.
src/lib/gtfs-export.ts(39,53): error TS2339: Property 'feed_publisher_url' does not exist on type 'never'.
src/lib/gtfs-export.ts(39,83): error TS2339: Property 'feed_contact_url' does not exist on type 'never'.
src/lib/gtfs-export.ts(39,111): error TS2339: Property 'feed_start_date' does not exist on type 'never'.
src/lib/gtfs-export.ts(39,138): error TS2339: Property 'feed_end_date' does not exist on type 'never'.
src/lib/gtfs-export.ts(39,163): error TS2339: Property 'feed_version' does not exist on type 'never'.
src/lib/gtfs-export.ts(39,187): error TS2339: Property 'feed_lang' does not exist on type 'never'.
src/lib/gtfs-export.ts(49,12): error TS2339: Property 'route_id' does not exist on type 'never'.
src/lib/gtfs-export.ts(49,26): error TS2339: Property 'agency_id' does not exist on type 'never'.
src/lib/gtfs-export.ts(49,57): error TS2339: Property 'route_long_name' does not exist on type 'never'.
src/lib/gtfs-export.ts(49,89): error TS2339: Property 'route_long_name_ar' does not exist on type 'never'.
src/lib/gtfs-export.ts(49,130): error TS2339: Property 'route_short_name' does not exist on type 'never'.
src/lib/gtfs-export.ts(49,159): error TS2339: Property 'route_type' does not exist on type 'never'.
src/lib/gtfs-export.ts(49,175): error TS2339: Property 'continuous_pickup' does not exist on type 'never'.
src/lib/gtfs-export.ts(49,203): error TS2339: Property 'continuous_drop_off' does not exist on type 'never'.
src/lib/gtfs-export.ts(49,243): error TS2339: Property 'route_short_name_ar' does not exist on type 'never'.
src/lib/gtfs-export.ts(59,12): error TS2339: Property 'stop_id' does not exist on type 'never'.
src/lib/gtfs-export.ts(59,35): error TS2339: Property 'stop_name' does not exist on type 'never'.
src/lib/gtfs-export.ts(59,51): error TS2339: Property 'stop_lat' does not exist on type 'never'.
src/lib/gtfs-export.ts(59,65): error TS2339: Property 'stop_lon' does not exist on type 'never'.
src/lib/gtfs-export.ts(59,89): error TS2339: Property 'stop_name_ar' does not exist on type 'never'.
src/lib/gtfs-export.ts(70,12): error TS2339: Property 'route_id' does not exist on type 'never'.
src/lib/gtfs-export.ts(70,26): error TS2339: Property 'service_id' does not exist on type 'never'.
src/lib/gtfs-export.ts(70,52): error TS2339: Property 'trip_headsign' does not exist on type 'never'.
src/lib/gtfs-export.ts(70,78): error TS2339: Property 'direction_id' does not exist on type 'never'.
src/lib/gtfs-export.ts(70,96): error TS2339: Property 'shape_id' does not exist on type 'never'.
src/lib/gtfs-export.ts(70,116): error TS2339: Property 'trip_id' does not exist on type 'never'.
src/lib/gtfs-export.ts(70,139): error TS2339: Property 'trip_headsign_ar' does not exist on type 'never'.
src/lib/gtfs-export.ts(70,178): error TS2339: Property 'main_streets' does not exist on type 'never'.
src/lib/gtfs-export.ts(70,213): error TS2339: Property 'main_streets_ar' does not exist on type 'never'.
src/lib/gtfs-export.ts(81,13): error TS2339: Property 'trip_id' does not exist on type 'never'.
src/lib/gtfs-export.ts(81,27): error TS2339: Property 'stop_id' does not exist on type 'never'.
src/lib/gtfs-export.ts(81,41): error TS2339: Property 'stop_sequence' does not exist on type 'never'.
src/lib/gtfs-export.ts(81,61): error TS2339: Property 'arrival_time' does not exist on type 'never'.
src/lib/gtfs-export.ts(81,86): error TS2339: Property 'departure_time' does not exist on type 'never'.
src/lib/gtfs-export.ts(81,113): error TS2339: Property 'timepoint' does not exist on type 'never'.
